2026-09-04 20:28:36,616 | INFO | MainThread | Starting Edge Node
2026-09-04 20:28:36,617 | ERROR | MainThread | Modbus connect error: Connection failed
2026-09-04 20:28:41,618 | ERROR | MainThread | Modbus connect error: Connection failed
2026-09-04 20:28:46,619 | ERROR | MainThread | Modbus connect error: Connection failed
2026-09-04 20:28:51,620 | ERROR | MainThread | Modbus connect error: Connection failed
2026-09-04 20:28:56,621 | ERROR | MainThread | Modbus connect error: Connection failed
2026-09-04 20:29:01,621 | ERROR | MainThread | Modbus connect error: Connection failed
2026-09-04 20:29:06,622 | ERROR | MainThread | Modbus connect error: Connection failed
2026-09-04 20:29:11,623 | ERROR | MainThread | Modbus connect error: Connection failed
2026-09-04 20:29:16,625 | ERROR | MainThread | Modbus connect error: Connection failed
2026-09-04 20:29:21,626 | ERROR | MainThread | Modbus connect error: Connection failed
2026-09-04 20:29:26,626 | ERROR | MainThread | Modbus connect error: Connection failed
2026-09-04 20:29:31,626 | ERROR | MainThread | Modbus connect error: Connection failed
2026-09-04 20:29:36,627 | ERROR | MainThread | Modbus connect error: Connection failed
2026-09-04 20:29:41,628 | ERROR | MainThread | Modbus connect error: Connection failed
2026-09-04 20:29:46,628 | ERROR | MainThread | Modbus connect error: Connection failed
2026-09-04 20:29:51,629 | ERROR | MainThread | Modbus connect error: Connection failed
2026-09-04 20:29:56,630 | ERROR | MainThread | Modbus connect error: Connection failed
2026-09-04 20:30:01,631 | ERROR | MainThread | Modbus connect error: Connection failed
2026-09-04 20:30:06,631 | ERROR | MainThread | Modbus connect error: Connection failed
2026-09-04 20:30:11,633 | ERROR | MainThread | Modbus connect error: Connection failed
2026-09-04 20:30:16,634 | ERROR | MainThread | Modbus connect error: Connection failed
2026-09-04 20:30:21,635 | ERROR | MainThread | Modbus connect error: Connection failed
2026-09-04 20:30:26,637 | ERROR | MainThread | Modbus connect error: Connection failed
2026-09-04 20:30:31,638 | ERROR | MainThread | Modbus connect error: Connection failed
2026-09-04 20:30:36,639 | ERROR | MainThread | Modbus connect error: Connection failed
2026-09-04 20:30:41,640 | ERROR | MainThread | Modbus connect error: Connection failed
2026-09-04 20:30:46,640 | ERROR | MainThread | Modbus connect error: Connection failed
2026-09-04 20:30:51,641 | ERROR | MainThread | Modbus connect error: Connection failed
2026-09-04 20:30:56,641 | ERROR | MainThread | Modbus connect error: Connection failed
2026-09-04 20:31:01,642 | ERROR | MainThread | Modbus connect error: Connection failed
2026-09-04 20:31:06,643 | ERROR | MainThread | Modbus connect error: Connection failed
2026-09-04 20:31:11,644 | ERROR | MainThread | Modbus connect error: Connection failed
2026-09-04 20:31:16,646 | ERROR | MainThread | Modbus connect error: Connection failed
2026-09-04 20:31:21,647 | ERROR | MainThread | Modbus connect error: Connection failed
2026-09-04 20:31:26,648 | ERROR | MainThread | Modbus connect error: Connection failed
2026-09-04 20:31:31,649 | ERROR | MainThread | Modbus connect error: Connection failed
2026-09-04 20:31:36,650 | ERROR | MainThread | Modbus connect error: Connection failed
2026-09-04 20:31:41,651 | ERROR | MainThread | Modbus connect error: Connection failed
2026-09-04 20:31:46,652 | ERROR | MainThread | Modbus connect error: Connection failed
2026-09-04 20:31:51,653 | ERROR | MainThread | Modbus connect error: Connection failed
2026-09-04 20:31:56,654 | ERROR | MainThread | Modbus connect error: Connection failed
2026-09-04 20:32:01,655 | ERROR | MainThread | Modbus connect error: Connection failed
2026-09-04 20:32:06,656 | ERROR | MainThread | Modbus connect error: Connection failed
2026-09-04 20:32:11,657 | ERROR | MainThread | Modbus connect error: Connection failed
2026-09-04 20:32:16,658 | ERROR | MainThread | Modbus connect error: Connection failed
2026-09-04 20:32:21,659 | ERROR | MainThread | Modbus connect error: Connection failed
2026-09-04 20:32:26,660 | ERROR | MainThread | Modbus connect error: Connection failed
2026-09-04 20:32:31,662 | ERROR | MainThread | Modbus connect error: Connection failed
2026-09-04 20:32:36,663 | ERROR | MainThread | Modbus connect error: Connection failed
2026-09-04 20:32:41,664 | ERROR | MainThread | Modbus connect error: Connection failed
2026-09-04 20:32:46,665 | ERROR | MainThread | Modbus connect error: Connection failed
2026-09-04 20:32:51,666 | ERROR | MainThread | Modbus connect error: Connection failed
2026-09-04 20:32:56,667 | ERROR | MainThread | Modbus connect error: Connection failed
2026-09-04 20:33:01,668 | ERROR | MainThread | Modbus connect error: Connection failed
2026-09-04 20:33:09,912 | INFO | MainThread | Starting Edge Node
2026-09-04 20:33:09,913 | ERROR | MainThread | Modbus connect error: Connection failed
2026-09-04 20:33:14,914 | ERROR | MainThread | Modbus connect error: Connection failed
2026-09-04 20:33:19,915 | ERROR | MainThread | Modbus connect error: Connection failed
2026-09-04 20:33:24,916 | ERROR | MainThread | Modbus connect error: Connection failed
2026-09-04 20:33:29,917 | ERROR | MainThread | Modbus connect error: Connection failed
2026-09-04 20:33:34,918 | ERROR | MainThread | Modbus connect error: Connection failed
2026-09-04 20:33:39,919 | ERROR | MainThread | Modbus connect error: Connection failed
2026-09-04 20:33:44,920 | ERROR | MainThread | Modbus connect error: Connection failed
2026-09-04 20:33:49,921 | ERROR | MainThread | Modbus connect error: Connection failed
2026-09-04 20:33:54,922 | ERROR | MainThread | Modbus connect error: Connection failed
2026-09-04 20:33:59,923 | ERROR | MainThread | Modbus connect error: Connection failed
2026-09-04 20:34:04,923 | ERROR | MainThread | Modbus connect error: Connection failed
2026-09-04 20:34:09,925 | ERROR | MainThread | Modbus connect error: Connection failed
2026-09-04 20:34:14,926 | ERROR | MainThread | Modbus connect error: Connection failed
2026-09-04 20:34:19,927 | ERROR | MainThread | Modbus connect error: Connection failed
2026-09-04 20:36:59,646 | INFO | MainThread | Starting Edge Node
2026-09-04 20:36:59,647 | ERROR | ModbusConnect | Modbus connect error: Connection failed
2026-09-04 20:36:59,647 | INFO | MainThread | Connecting MQTT...
2026-09-04 20:36:59,888 | INFO | MainThread | MQTT connected
2026-09-04 20:36:59,894 | INFO | ConfigWatcher | Reloading config...
2026-09-04 20:37:04,648 | ERROR | ModbusConnect | Modbus connect error: Connection failed
2026-09-04 20:37:09,649 | ERROR | ModbusConnect | Modbus connect error: Connection failed
2026-09-04 20:37:14,650 | ERROR | ModbusConnect | Modbus connect error: Connection failed
2026-09-04 20:37:19,651 | ERROR | ModbusConnect | Modbus connect error: Connection failed
2026-09-04 20:37:24,652 | ERROR | ModbusConnect | Modbus connect error: Connection failed
2026-09-04 20:37:29,653 | ERROR | ModbusConnect | Modbus connect error: Connection failed
2026-09-04 20:37:34,654 | ERROR | ModbusConnect | Modbus connect error: Connection failed
2026-09-04 20:39:28,565 | INFO | MainThread | Starting Edge Node
2026-09-04 20:39:28,566 | INFO | MainThread | Connecting MQTT...
2026-09-04 20:39:28,567 | ERROR | ModbusConnect | Modbus connect error: Connection failed
2026-09-04 20:39:28,821 | INFO | MainThread | MQTT connected
2026-09-04 20:39:28,825 | INFO | ConfigWatcher | Reloading config...
2026-09-04 20:39:33,568 | ERROR | ModbusConnect | Modbus connect error: Connection failed
2026-09-04 20:39:38,569 | ERROR | ModbusConnect | Modbus connect error: Connection failed
2026-09-04 20:39:43,570 | ERROR | ModbusConnect | Modbus connect error: Connection failed
2026-09-04 20:39:48,571 | ERROR | ModbusConnect | Modbus connect error: Connection failed
2026-09-04 20:39:53,572 | ERROR | ModbusConnect | Modbus connect error: Connection failed
2026-09-04 20:39:58,573 | ERROR | ModbusConnect | Modbus connect error: Connection failed
2026-09-04 20:40:03,574 | ERROR | ModbusConnect | Modbus connect error: Connection failed
2026-09-04 20:40:08,575 | ERROR | ModbusConnect | Modbus connect error: Connection failed
2026-09-04 20:40:13,576 | ERROR | ModbusConnect | Modbus connect error: Connection failed
2026-09-04 20:40:18,577 | ERROR | ModbusConnect | Modbus connect error: Connection failed
2026-09-04 20:40:23,578 | ERROR | ModbusConnect | Modbus connect error: Connection failed
2026-09-04 20:40:28,579 | ERROR | ModbusConnect | Modbus connect error: Connection failed
2026-09-04 20:40:33,581 | ERROR | ModbusConnect | Modbus connect error: Connection failed
2026-09-04 20:40:38,581 | ERROR | ModbusConnect | Modbus connect error: Connection failed
2026-09-04 20:40:43,582 | ERROR | ModbusConnect | Modbus connect error: Connection failed
2026-09-04 20:40:48,583 | ERROR | ModbusConnect | Modbus connect error: Connection failed
2026-09-04 20:40:53,584 | ERROR | ModbusConnect | Modbus connect error: Connection failed
2026-09-04 20:40:58,585 | ERROR | ModbusConnect | Modbus connect error: Connection failed
2026-09-04 20:41:03,586 | ERROR | ModbusConnect | Modbus connect error: Connection failed
2026-09-04 20:41:08,587 | ERROR | ModbusConnect | Modbus connect error: Connection failed
2026-09-04 20:41:13,587 | ERROR | ModbusConnect | Modbus connect error: Connection failed
2026-09-04 20:41:18,588 | ERROR | ModbusConnect | Modbus connect error: Connection failed
2026-09-04 20:41:23,589 | ERROR | ModbusConnect | Modbus connect error: Connection failed
2026-09-04 20:41:28,590 | ERROR | ModbusConnect | Modbus connect error: Connection failed
2026-09-04 20:41:33,591 | ERROR | ModbusConnect | Modbus connect error: Connection failed
2026-09-04 20:41:38,592 | ERROR | ModbusConnect | Modbus connect error: Connection failed
2026-09-04 20:41:43,592 | ERROR | ModbusConnect | Modbus connect error: Connection failed
2026-09-04 20:41:48,593 | ERROR | ModbusConnect | Modbus connect error: Connection failed
2026-09-04 20:41:53,594 | ERROR | ModbusConnect | Modbus connect error: Connection failed
2026-09-04 20:41:58,594 | ERROR | ModbusConnect | Modbus connect error: Connection failed
2026-09-04 20:42:03,595 | ERROR | ModbusConnect | Modbus connect error: Connection failed
2026-09-04 20:42:08,596 | ERROR | ModbusConnect | Modbus connect error: Connection failed
2026-09-04 20:42:13,596 | ERROR | ModbusConnect | Modbus connect error: Connection failed
2026-09-04 20:42:18,597 | ERROR | ModbusConnect | Modbus connect error: Connection failed
2026-09-04 20:42:23,598 | ERROR | ModbusConnect | Modbus connect error: Connection failed
2026-09-04 20:42:28,599 | ERROR | ModbusConnect | Modbus connect error: Connection failed
2026-09-04 20:42:33,599 | ERROR | ModbusConnect | Modbus connect error: Connection failed
2026-09-04 20:42:38,600 | ERROR | ModbusConnect | Modbus connect error: Connection failed
2026-09-04 20:42:43,601 | ERROR | ModbusConnect | Modbus connect error: Connection failed
2026-09-04 20:42:48,601 | ERROR | ModbusConnect | Modbus connect error: Connection failed
2026-09-04 20:42:53,602 | ERROR | ModbusConnect | Modbus connect error: Connection failed
2026-09-04 20:42:58,603 | ERROR | ModbusConnect | Modbus connect error: Connection failed
2026-09-04 20:43:03,604 | ERROR | ModbusConnect | Modbus connect error: Connection failed
2026-09-04 20:43:08,605 | ERROR | ModbusConnect | Modbus connect error: Connection failed
2026-09-04 20:43:13,606 | ERROR | ModbusConnect | Modbus connect error: Connection failed
2026-09-04 20:43:18,607 | ERROR | ModbusConnect | Modbus connect error: Connection failed
2026-09-04 20:43:23,608 | ERROR | ModbusConnect | Modbus connect error: Connection failed
2026-09-04 20:43:28,608 | ERROR | ModbusConnect | Modbus connect error: Connection failed
2026-09-04 20:43:33,610 | ERROR | ModbusConnect | Modbus connect error: Connection failed
2026-09-04 20:43:38,610 | ERROR | ModbusConnect | Modbus connect error: Connection failed
2026-09-04 20:43:43,611 | ERROR | ModbusConnect | Modbus connect error: Connection failed
2026-09-04 20:43:48,612 | ERROR | ModbusConnect | Modbus connect error: Connection failed
2026-09-04 20:43:53,612 | ERROR | ModbusConnect | Modbus connect error: Connection failed
2026-09-04 20:43:58,613 | ERROR | ModbusConnect | Modbus connect error: Connection failed
2026-09-04 20:44:03,614 | ERROR | ModbusConnect | Modbus connect error: Connection failed
2026-09-04 20:44:08,615 | ERROR | ModbusConnect | Modbus connect error: Connection failed
2026-09-04 20:44:13,616 | ERROR | ModbusConnect | Modbus connect error: Connection failed
2026-09-04 20:44:18,617 | ERROR | ModbusConnect | Modbus connect error: Connection failed
2026-09-04 20:44:23,617 | ERROR | ModbusConnect | Modbus connect error: Connection failed
2026-09-04 20:44:28,618 | ERROR | ModbusConnect | Modbus connect error: Connection failed
2026-09-04 20:44:33,619 | ERROR | ModbusConnect | Modbus connect error: Connection failed
2026-09-04 20:44:38,620 | ERROR | ModbusConnect | Modbus connect error: Connection failed
2026-09-04 20:44:43,621 | ERROR | ModbusConnect | Modbus connect error: Connection failed
2026-09-04 20:44:48,621 | ERROR | ModbusConnect | Modbus connect error: Connection failed
2026-09-04 20:44:53,622 | ERROR | ModbusConnect | Modbus connect error: Connection failed
2026-09-04 20:44:58,623 | ERROR | ModbusConnect | Modbus connect error: Connection failed
2026-09-04 20:45:03,624 | ERROR | ModbusConnect | Modbus connect error: Connection failed
2026-09-04 20:45:08,625 | ERROR | ModbusConnect | Modbus connect error: Connection failed
2026-09-04 20:45:13,626 | ERROR | ModbusConnect | Modbus connect error: Connection failed
2026-09-04 20:45:18,627 | ERROR | ModbusConnect | Modbus connect error: Connection failed
2026-09-04 20:45:23,627 | ERROR | ModbusConnect | Modbus connect error: Connection failed
2026-09-04 20:45:28,628 | ERROR | ModbusConnect | Modbus connect error: Connection failed
2026-09-04 20:45:33,629 | ERROR | ModbusConnect | Modbus connect error: Connection failed
2026-09-04 20:45:38,630 | ERROR | ModbusConnect | Modbus connect error: Connection failed
2026-09-04 20:45:43,631 | ERROR | ModbusConnect | Modbus connect error: Connection failed
2026-09-04 20:45:48,632 | ERROR | ModbusConnect | Modbus connect error: Connection failed
2026-09-04 20:45:51,119 | INFO | MainThread | Starting Edge Node
2026-09-04 20:45:51,121 | ERROR | ModbusConnect | Modbus connect error: Connection failed
2026-09-04 20:45:51,121 | INFO | MainThread | Connecting MQTT...
2026-09-04 20:45:51,326 | INFO | MainThread | MQTT connected
2026-09-04 20:45:51,333 | INFO | ConfigWatcher | Reloading config...
2026-09-04 20:45:53,632 | ERROR | ModbusConnect | Modbus connect error: Connection failed
2026-09-04 20:45:56,122 | ERROR | ModbusConnect | Modbus connect error: Connection failed
2026-09-04 20:45:58,633 | ERROR | ModbusConnect | Modbus connect error: Connection failed
2026-09-04 20:46:01,123 | ERROR | ModbusConnect | Modbus connect error: Connection failed
2026-09-04 20:46:03,634 | ERROR | ModbusConnect | Modbus connect error: Connection failed
2026-09-04 20:46:06,124 | ERROR | ModbusConnect | Modbus connect error: Connection failed
2026-09-04 20:46:08,635 | ERROR | ModbusConnect | Modbus connect error: Connection failed
2026-09-04 20:46:11,125 | ERROR | ModbusConnect | Modbus connect error: Connection failed
2026-09-04 20:46:13,636 | ERROR | ModbusConnect | Modbus connect error: Connection failed
2026-09-04 20:46:16,125 | ERROR | ModbusConnect | Modbus connect error: Connection failed
2026-09-04 20:46:18,637 | ERROR | ModbusConnect | Modbus connect error: Connection failed
2026-09-04 20:46:21,126 | ERROR | ModbusConnect | Modbus connect error: Connection failed
2026-09-04 20:46:23,638 | ERROR | ModbusConnect | Modbus connect error: Connection failed
2026-09-04 20:46:26,127 | ERROR | ModbusConnect | Modbus connect error: Connection failed
2026-09-04 20:46:28,639 | ERROR | ModbusConnect | Modbus connect error: Connection failed
2026-09-04 20:46:31,128 | ERROR | ModbusConnect | Modbus connect error: Connection failed
2026-09-04 20:46:33,640 | ERROR | ModbusConnect | Modbus connect error: Connection failed
2026-09-04 20:46:36,129 | ERROR | ModbusConnect | Modbus connect error: Connection failed
2026-09-04 20:46:38,641 | ERROR | ModbusConnect | Modbus connect error: Connection failed
2026-09-04 20:46:41,130 | ERROR | ModbusConnect | Modbus connect error: Connection failed
2026-09-04 20:46:43,642 | ERROR | ModbusConnect | Modbus connect error: Connection failed
2026-09-04 20:46:46,131 | ERROR | ModbusConnect | Modbus connect error: Connection failed
2026-09-04 20:46:48,643 | ERROR | ModbusConnect | Modbus connect error: Connection failed
2026-09-04 20:46:51,132 | ERROR | ModbusConnect | Modbus connect error: Connection failed
2026-09-04 20:46:53,644 | ERROR | ModbusConnect | Modbus connect error: Connection failed
2026-09-04 20:46:56,133 | ERROR | ModbusConnect | Modbus connect error: Connection failed
2026-09-04 20:46:58,645 | ERROR | ModbusConnect | Modbus connect error: Connection failed
2026-09-04 20:47:01,134 | ERROR | ModbusConnect | Modbus connect error: Connection failed
2026-09-04 20:47:03,646 | ERROR | ModbusConnect | Modbus connect error: Connection failed
2026-09-04 20:47:06,135 | ERROR | ModbusConnect | Modbus connect error: Connection failed
2026-09-04 20:47:08,647 | ERROR | ModbusConnect | Modbus connect error: Connection failed
2026-09-04 20:47:11,136 | ERROR | ModbusConnect | Modbus connect error: Connection failed
2026-09-04 20:47:13,648 | ERROR | ModbusConnect | Modbus connect error: Connection failed
2026-09-04 20:47:16,136 | ERROR | ModbusConnect | Modbus connect error: Connection failed
2026-09-04 20:47:18,649 | ERROR | ModbusConnect | Modbus connect error: Connection failed
2026-09-04 20:47:21,137 | ERROR | ModbusConnect | Modbus connect error: Connection failed
2026-09-04 20:47:23,649 | ERROR | ModbusConnect | Modbus connect error: Connection failed
2026-09-04 20:47:26,138 | ERROR | ModbusConnect | Modbus connect error: Connection failed
2026-09-04 20:47:28,650 | ERROR | ModbusConnect | Modbus connect error: Connection failed
2026-09-04 20:47:31,139 | ERROR | ModbusConnect | Modbus connect error: Connection failed
2026-09-04 20:47:33,650 | ERROR | ModbusConnect | Modbus connect error: Connection failed
2026-09-04 20:47:36,139 | ERROR | ModbusConnect | Modbus connect error: Connection failed
2026-09-04 20:47:38,651 | ERROR | ModbusConnect | Modbus connect error: Connection failed
2026-09-04 20:47:41,140 | ERROR | ModbusConnect | Modbus connect error: Connection failed
2026-09-04 20:47:43,652 | ERROR | ModbusConnect | Modbus connect error: Connection failed
2026-09-04 20:47:46,141 | ERROR | ModbusConnect | Modbus connect error: Connection failed
2026-09-04 20:47:48,653 | ERROR | ModbusConnect | Modbus connect error: Connection failed
2026-09-04 20:47:51,142 | ERROR | ModbusConnect | Modbus connect error: Connection failed
2026-09-04 20:47:53,654 | ERROR | ModbusConnect | Modbus connect error: Connection failed
2026-09-04 20:47:56,143 | ERROR | ModbusConnect | Modbus connect error: Connection failed
2026-09-04 20:47:58,654 | ERROR | ModbusConnect | Modbus connect error: Connection failed
2026-09-04 20:48:01,144 | ERROR | ModbusConnect | Modbus connect error: Connection failed
2026-09-04 20:48:03,655 | ERROR | ModbusConnect | Modbus connect error: Connection failed
2026-09-04 20:48:06,145 | ERROR | ModbusConnect | Modbus connect error: Connection failed
2026-09-04 20:48:08,656 | ERROR | ModbusConnect | Modbus connect error: Connection failed
2026-09-04 20:48:11,146 | ERROR | ModbusConnect | Modbus connect error: Connection failed
2026-09-04 20:48:13,657 | ERROR | ModbusConnect | Modbus connect error: Connection failed
2026-09-04 20:48:16,147 | ERROR | ModbusConnect | Modbus connect error: Connection failed
2026-09-04 20:48:18,657 | ERROR | ModbusConnect | Modbus connect error: Connection failed
2026-09-04 20:48:21,148 | ERROR | ModbusConnect | Modbus connect error: Connection failed
2026-09-04 20:48:23,658 | ERROR | ModbusConnect | Modbus connect error: Connection failed
2026-09-04 20:48:26,149 | ERROR | ModbusConnect | Modbus connect error: Connection failed
2026-09-04 20:48:28,659 | ERROR | ModbusConnect | Modbus connect error: Connection failed
2026-09-04 20:48:31,150 | ERROR | ModbusConnect | Modbus connect error: Connection failed
2026-09-04 20:48:33,660 | ERROR | ModbusConnect | Modbus connect error: Connection failed
2026-09-04 20:48:36,151 | ERROR | ModbusConnect | Modbus connect error: Connection failed
2026-09-04 20:48:38,661 | ERROR | ModbusConnect | Modbus connect error: Connection failed
2026-09-04 20:48:41,152 | ERROR | ModbusConnect | Modbus connect error: Connection failed
2026-09-04 20:48:43,661 | ERROR | ModbusConnect | Modbus connect error: Connection failed
2026-09-04 20:48:46,153 | ERROR | ModbusConnect | Modbus connect error: Connection failed
2026-09-04 20:48:48,662 | ERROR | ModbusConnect | Modbus connect error: Connection failed
2026-09-04 20:48:51,154 | ERROR | ModbusConnect | Modbus connect error: Connection failed
2026-09-04 20:48:53,663 | ERROR | ModbusConnect | Modbus connect error: Connection failed
2026-09-04 20:48:56,155 | ERROR | ModbusConnect | Modbus connect error: Connection failed
2026-09-04 20:48:58,664 | ERROR | ModbusConnect | Modbus connect error: Connection failed
2026-09-04 20:49:01,156 | ERROR | ModbusConnect | Modbus connect error: Connection failed
2026-09-04 20:49:03,665 | ERROR | ModbusConnect | Modbus connect error: Connection failed
2026-09-04 20:49:06,157 | ERROR | ModbusConnect | Modbus connect error: Connection failed
2026-09-04 20:49:08,665 | ERROR | ModbusConnect | Modbus connect error: Connection failed
2026-09-04 20:49:11,158 | ERROR | ModbusConnect | Modbus connect error: Connection failed
2026-09-04 20:49:13,666 | ERROR | ModbusConnect | Modbus connect error: Connection failed
2026-09-04 20:49:16,159 | ERROR | ModbusConnect | Modbus connect error: Connection failed
2026-09-04 20:49:18,667 | ERROR | ModbusConnect | Modbus connect error: Connection failed
2026-09-04 20:49:21,160 | ERROR | ModbusConnect | Modbus connect error: Connection failed
2026-09-04 20:49:23,668 | ERROR | ModbusConnect | Modbus connect error: Connection failed
2026-09-04 20:49:26,161 | ERROR | ModbusConnect | Modbus connect error: Connection failed
2026-09-04 20:49:28,669 | ERROR | ModbusConnect | Modbus connect error: Connection failed
2026-09-04 20:49:31,162 | ERROR | ModbusConnect | Modbus connect error: Connection failed
2026-09-04 20:49:33,670 | ERROR | ModbusConnect | Modbus connect error: Connection failed
2026-09-04 20:49:36,163 | ERROR | ModbusConnect | Modbus connect error: Connection failed
2026-09-04 20:49:38,671 | ERROR | ModbusConnect | Modbus connect error: Connection failed
2026-09-04 20:49:41,164 | ERROR | ModbusConnect | Modbus connect error: Connection failed
2026-09-04 20:49:43,672 | ERROR | ModbusConnect | Modbus connect error: Connection failed
2026-09-04 20:49:46,165 | ERROR | ModbusConnect | Modbus connect error: Connection failed
2026-09-04 20:49:48,673 | ERROR | ModbusConnect | Modbus connect error: Connection failed
2026-09-04 20:49:51,166 | ERROR | ModbusConnect | Modbus connect error: Connection failed
2026-09-04 20:49:53,674 | ERROR | ModbusConnect | Modbus connect error: Connection failed
2026-09-04 20:49:56,167 | ERROR | ModbusConnect | Modbus connect error: Connection failed
2026-09-04 20:49:58,674 | ERROR | ModbusConnect | Modbus connect error: Connection failed
2026-09-04 20:50:01,168 | ERROR | ModbusConnect | Modbus connect error: Connection failed
2026-09-04 20:50:03,675 | ERROR | ModbusConnect | Modbus connect error: Connection failed
2026-09-04 20:50:06,170 | ERROR | ModbusConnect | Modbus connect error: Connection failed
2026-09-04 20:50:08,676 | ERROR | ModbusConnect | Modbus connect error: Connection failed
2026-09-04 20:50:11,171 | ERROR | ModbusConnect | Modbus connect error: Connection failed
2026-09-04 20:50:13,677 | ERROR | ModbusConnect | Modbus connect error: Connection failed
2026-09-04 20:50:16,172 | ERROR | ModbusConnect | Modbus connect error: Connection failed
2026-09-04 20:50:18,677 | ERROR | ModbusConnect | Modbus connect error: Connection failed
2026-09-04 20:50:21,172 | ERROR | ModbusConnect | Modbus connect error: Connection failed
2026-09-04 20:50:23,679 | ERROR | ModbusConnect | Modbus connect error: Connection failed
2026-09-04 20:50:26,173 | ERROR | ModbusConnect | Modbus connect error: Connection failed
2026-09-04 20:50:28,680 | ERROR | ModbusConnect | Modbus connect error: Connection failed
2026-09-04 20:50:31,175 | ERROR | ModbusConnect | Modbus connect error: Connection failed
2026-09-04 20:50:33,681 | ERROR | ModbusConnect | Modbus connect error: Connection failed
2026-09-04 20:50:36,176 | ERROR | ModbusConnect | Modbus connect error: Connection failed
2026-09-04 20:50:38,682 | ERROR | ModbusConnect | Modbus connect error: Connection failed
2026-09-04 20:50:41,177 | ERROR | ModbusConnect | Modbus connect error: Connection failed
2026-09-04 20:50:43,683 | ERROR | ModbusConnect | Modbus connect error: Connection failed
2026-09-04 20:50:46,178 | ERROR | ModbusConnect | Modbus connect error: Connection failed
2026-09-04 20:50:48,683 | ERROR | ModbusConnect | Modbus connect error: Connection failed
2026-09-04 20:50:51,179 | ERROR | ModbusConnect | Modbus connect error: Connection failed
2026-09-04 20:50:53,684 | ERROR | ModbusConnect | Modbus connect error: Connection failed
2026-09-04 20:50:56,180 | ERROR | ModbusConnect | Modbus connect error: Connection failed
2026-09-04 20:50:58,685 | ERROR | ModbusConnect | Modbus connect error: Connection failed
2026-09-04 20:51:01,181 | ERROR | ModbusConnect | Modbus connect error: Connection failed
2026-09-04 20:51:03,686 | ERROR | ModbusConnect | Modbus connect error: Connection failed
2026-09-04 20:51:06,182 | ERROR | ModbusConnect | Modbus connect error: Connection failed
2026-09-04 20:51:08,687 | ERROR | ModbusConnect | Modbus connect error: Connection failed
2026-09-04 20:51:11,183 | ERROR | ModbusConnect | Modbus connect error: Connection failed
2026-09-04 20:51:13,688 | ERROR | ModbusConnect | Modbus connect error: Connection failed
2026-09-04 20:51:16,184 | ERROR | ModbusConnect | Modbus connect error: Connection failed
2026-09-04 20:51:18,689 | ERROR | ModbusConnect | Modbus connect error: Connection failed
2026-09-04 20:51:21,186 | ERROR | ModbusConnect | Modbus connect error: Connection failed
2026-09-04 20:51:23,690 | ERROR | ModbusConnect | Modbus connect error: Connection failed
2026-09-04 20:51:26,186 | ERROR | ModbusConnect | Modbus connect error: Connection failed
2026-09-04 20:51:28,691 | ERROR | ModbusConnect | Modbus connect error: Connection failed
2026-09-04 20:51:31,187 | ERROR | ModbusConnect | Modbus connect error: Connection failed
2026-09-04 20:51:33,692 | ERROR | ModbusConnect | Modbus connect error: Connection failed
2026-09-04 20:51:36,188 | ERROR | ModbusConnect | Modbus connect error: Connection failed
2026-09-04 20:51:38,693 | ERROR | ModbusConnect | Modbus connect error: Connection failed
2026-09-04 20:51:41,189 | ERROR | ModbusConnect | Modbus connect error: Connection failed
2026-09-04 20:51:43,694 | ERROR | ModbusConnect | Modbus connect error: Connection failed
2026-09-04 20:51:46,190 | ERROR | ModbusConnect | Modbus connect error: Connection failed
2026-09-04 20:51:48,695 | ERROR | ModbusConnect | Modbus connect error: Connection failed
2026-09-04 20:51:51,191 | ERROR | ModbusConnect | Modbus connect error: Connection failed
2026-09-04 20:51:53,696 | ERROR | ModbusConnect | Modbus connect error: Connection failed
2026-09-04 20:51:56,191 | ERROR | ModbusConnect | Modbus connect error: Connection failed
2026-09-04 20:51:58,697 | ERROR | ModbusConnect | Modbus connect error: Connection failed
2026-09-04 20:52:01,192 | ERROR | ModbusConnect | Modbus connect error: Connection failed
2026-09-04 20:52:03,698 | ERROR | ModbusConnect | Modbus connect error: Connection failed
2026-09-04 20:52:06,194 | ERROR | ModbusConnect | Modbus connect error: Connection failed
2026-09-04 20:52:08,699 | ERROR | ModbusConnect | Modbus connect error: Connection failed
2026-09-04 20:52:11,195 | ERROR | ModbusConnect | Modbus connect error: Connection failed
2026-09-04 20:52:13,700 | ERROR | ModbusConnect | Modbus connect error: Connection failed
2026-09-04 20:52:16,196 | ERROR | ModbusConnect | Modbus connect error: Connection failed
2026-09-04 20:52:18,700 | ERROR | ModbusConnect | Modbus connect error: Connection failed
2026-09-04 20:52:21,197 | ERROR | ModbusConnect | Modbus connect error: Connection failed
2026-09-04 20:52:23,701 | ERROR | ModbusConnect | Modbus connect error: Connection failed
2026-09-04 20:52:26,198 | ERROR | ModbusConnect | Modbus connect error: Connection failed
2026-09-04 20:52:28,702 | ERROR | ModbusConnect | Modbus connect error: Connection failed
2026-09-04 20:52:31,199 | ERROR | ModbusConnect | Modbus connect error: Connection failed
2026-09-04 20:52:33,703 | ERROR | ModbusConnect | Modbus connect error: Connection failed
2026-09-04 20:52:36,200 | ERROR | ModbusConnect | Modbus connect error: Connection failed
2026-09-04 20:52:38,704 | ERROR | ModbusConnect | Modbus connect error: Connection failed
2026-09-04 20:52:41,201 | ERROR | ModbusConnect | Modbus connect error: Connection failed
2026-09-04 20:52:43,705 | ERROR | ModbusConnect | Modbus connect error: Connection failed
2026-09-04 20:52:46,202 | ERROR | ModbusConnect | Modbus connect error: Connection failed
2026-09-04 20:52:48,706 | ERROR | ModbusConnect | Modbus connect error: Connection failed
2026-09-04 20:52:51,203 | ERROR | ModbusConnect | Modbus connect error: Connection failed
2026-09-04 20:52:53,706 | ERROR | ModbusConnect | Modbus connect error: Connection failed
2026-09-04 20:52:56,204 | ERROR | ModbusConnect | Modbus connect error: Connection failed
2026-09-04 20:52:58,707 | ERROR | ModbusConnect | Modbus connect error: Connection failed
2026-09-04 20:53:01,205 | ERROR | ModbusConnect | Modbus connect error: Connection failed
2026-09-04 20:53:03,708 | ERROR | ModbusConnect | Modbus connect error: Connection failed
2026-09-04 20:53:06,206 | ERROR | ModbusConnect | Modbus connect error: Connection failed
2026-09-04 20:53:08,709 | ERROR | ModbusConnect | Modbus connect error: Connection failed
2026-09-04 20:53:11,207 | ERROR | ModbusConnect | Modbus connect error: Connection failed
2026-09-04 20:53:13,710 | ERROR | ModbusConnect | Modbus connect error: Connection failed
2026-09-04 20:53:16,208 | ERROR | ModbusConnect | Modbus connect error: Connection failed
2026-09-04 20:53:18,711 | ERROR | ModbusConnect | Modbus connect error: Connection failed
2026-09-04 20:53:21,209 | ERROR | ModbusConnect | Modbus connect error: Connection failed
2026-09-04 20:53:23,712 | ERROR | ModbusConnect | Modbus connect error: Connection failed
2026-09-04 20:53:26,210 | ERROR | ModbusConnect | Modbus connect error: Connection failed
2026-09-04 20:53:28,713 | ERROR | ModbusConnect | Modbus connect error: Connection failed
2026-09-04 20:53:31,210 | ERROR | ModbusConnect | Modbus connect error: Connection failed
2026-09-04 20:53:33,714 | ERROR | ModbusConnect | Modbus connect error: Connection failed
2026-09-04 20:53:36,211 | ERROR | ModbusConnect | Modbus connect error: Connection failed
2026-09-04 20:53:38,715 | ERROR | ModbusConnect | Modbus connect error: Connection failed
2026-09-04 20:53:41,213 | ERROR | ModbusConnect | Modbus connect error: Connection failed
2026-09-04 20:53:43,716 | ERROR | ModbusConnect | Modbus connect error: Connection failed
2026-09-04 20:53:46,214 | ERROR | ModbusConnect | Modbus connect error: Connection failed
2026-09-04 20:53:48,717 | ERROR | ModbusConnect | Modbus connect error: Connection failed
2026-09-04 20:53:51,215 | ERROR | ModbusConnect | Modbus connect error: Connection failed
2026-09-04 20:53:53,717 | ERROR | ModbusConnect | Modbus connect error: Connection failed
2026-09-04 20:53:56,215 | ERROR | ModbusConnect | Modbus connect error: Connection failed
2026-09-04 20:53:58,718 | ERROR | ModbusConnect | Modbus connect error: Connection failed
2026-09-04 20:54:01,216 | ERROR | ModbusConnect | Modbus connect error: Connection failed
2026-09-04 20:54:03,719 | ERROR | ModbusConnect | Modbus connect error: Connection failed
2026-09-04 20:54:06,217 | ERROR | ModbusConnect | Modbus connect error: Connection failed
2026-09-04 20:54:08,720 | ERROR | ModbusConnect | Modbus connect error: Connection failed
2026-09-04 20:54:11,218 | ERROR | ModbusConnect | Modbus connect error: Connection failed
2026-09-04 20:54:13,721 | ERROR | ModbusConnect | Modbus connect error: Connection failed
2026-09-04 20:54:16,220 | ERROR | ModbusConnect | Modbus connect error: Connection failed
2026-09-04 20:54:18,722 | ERROR | ModbusConnect | Modbus connect error: Connection failed
2026-09-04 20:54:21,221 | ERROR | ModbusConnect | Modbus connect error: Connection failed
2026-09-04 20:54:23,723 | ERROR | ModbusConnect | Modbus connect error: Connection failed
2026-09-04 20:54:26,222 | ERROR | ModbusConnect | Modbus connect error: Connection failed
2026-09-04 20:54:28,723 | ERROR | ModbusConnect | Modbus connect error: Connection failed
2026-09-04 20:54:31,222 | ERROR | ModbusConnect | Modbus connect error: Connection failed
2026-09-04 20:54:33,724 | ERROR | ModbusConnect | Modbus connect error: Connection failed
2026-09-04 20:54:36,223 | ERROR | ModbusConnect | Modbus connect error: Connection failed
2026-09-04 20:54:38,725 | ERROR | ModbusConnect | Modbus connect error: Connection failed
2026-09-04 20:54:41,224 | ERROR | ModbusConnect | Modbus connect error: Connection failed
2026-09-04 20:54:43,726 | ERROR | ModbusConnect | Modbus connect error: Connection failed
2026-09-04 20:54:46,225 | ERROR | ModbusConnect | Modbus connect error: Connection failed
2026-09-04 20:54:48,726 | ERROR | ModbusConnect | Modbus connect error: Connection failed
2026-09-04 20:54:51,226 | ERROR | ModbusConnect | Modbus connect error: Connection failed
2026-09-04 20:54:53,728 | ERROR | ModbusConnect | Modbus connect error: Connection failed
2026-09-04 20:54:56,227 | ERROR | ModbusConnect | Modbus connect error: Connection failed
2026-09-04 20:54:58,728 | ERROR | ModbusConnect | Modbus connect error: Connection failed
2026-09-04 20:55:01,228 | ERROR | ModbusConnect | Modbus connect error: Connection failed
2026-09-04 20:55:03,729 | ERROR | ModbusConnect | Modbus connect error: Connection failed
2026-09-04 20:55:06,229 | ERROR | ModbusConnect | Modbus connect error: Connection failed
2026-09-04 20:55:08,730 | ERROR | ModbusConnect | Modbus connect error: Connection failed
2026-09-04 20:55:11,230 | ERROR | ModbusConnect | Modbus connect error: Connection failed
2026-09-04 20:55:13,731 | ERROR | ModbusConnect | Modbus connect error: Connection failed
2026-09-04 20:55:16,231 | ERROR | ModbusConnect | Modbus connect error: Connection failed
2026-09-04 20:55:18,732 | ERROR | ModbusConnect | Modbus connect error: Connection failed
2026-09-04 20:55:21,232 | ERROR | ModbusConnect | Modbus connect error: Connection failed
2026-09-04 20:55:23,733 | ERROR | ModbusConnect | Modbus connect error: Connection failed
2026-09-04 20:55:26,233 | ERROR | ModbusConnect | Modbus connect error: Connection failed
2026-09-04 20:55:28,734 | ERROR | ModbusConnect | Modbus connect error: Connection failed
2026-09-04 20:55:31,235 | ERROR | ModbusConnect | Modbus connect error: Connection failed
2026-09-04 20:55:33,735 | ERROR | ModbusConnect | Modbus connect error: Connection failed
2026-09-04 20:55:36,235 | ERROR | ModbusConnect | Modbus connect error: Connection failed
2026-09-04 20:55:38,736 | ERROR | ModbusConnect | Modbus connect error: Connection failed
2026-09-04 20:55:41,237 | ERROR | ModbusConnect | Modbus connect error: Connection failed
2026-09-04 20:55:43,736 | ERROR | ModbusConnect | Modbus connect error: Connection failed
2026-09-04 20:55:46,238 | ERROR | ModbusConnect | Modbus connect error: Connection failed
2026-09-04 20:55:48,738 | ERROR | ModbusConnect | Modbus connect error: Connection failed
2026-09-04 20:55:51,239 | ERROR | ModbusConnect | Modbus connect error: Connection failed
2026-09-04 20:55:53,739 | ERROR | ModbusConnect | Modbus connect error: Connection failed
2026-09-04 20:55:56,240 | ERROR | ModbusConnect | Modbus connect error: Connection failed
2026-09-04 20:55:58,740 | ERROR | ModbusConnect | Modbus connect error: Connection failed
2026-09-04 20:56:01,242 | ERROR | ModbusConnect | Modbus connect error: Connection failed
2026-09-04 20:56:03,741 | ERROR | ModbusConnect | Modbus connect error: Connection failed
2026-09-04 20:56:06,242 | ERROR | ModbusConnect | Modbus connect error: Connection failed
2026-09-04 20:56:08,742 | ERROR | ModbusConnect | Modbus connect error: Connection failed
2026-09-04 20:56:11,243 | ERROR | ModbusConnect | Modbus connect error: Connection failed
2026-09-04 20:56:13,743 | ERROR | ModbusConnect | Modbus connect error: Connection failed
2026-09-04 20:56:16,244 | ERROR | ModbusConnect | Modbus connect error: Connection failed
2026-09-04 20:56:18,744 | ERROR | ModbusConnect | Modbus connect error: Connection failed
2026-09-04 20:56:21,245 | ERROR | ModbusConnect | Modbus connect error: Connection failed
2026-09-04 20:56:23,744 | ERROR | ModbusConnect | Modbus connect error: Connection failed
2026-09-04 20:56:26,247 | ERROR | ModbusConnect | Modbus connect error: Connection failed
2026-09-04 20:56:28,745 | ERROR | ModbusConnect | Modbus connect error: Connection failed
2026-09-04 20:56:31,248 | ERROR | ModbusConnect | Modbus connect error: Connection failed
2026-09-04 20:56:33,746 | ERROR | ModbusConnect | Modbus connect error: Connection failed
2026-09-04 20:56:36,249 | ERROR | ModbusConnect | Modbus connect error: Connection failed
2026-09-04 20:56:38,747 | ERROR | ModbusConnect | Modbus connect error: Connection failed
2026-09-04 20:56:41,249 | ERROR | ModbusConnect | Modbus connect error: Connection failed
2026-09-04 20:56:43,748 | ERROR | ModbusConnect | Modbus connect error: Connection failed
2026-09-04 20:56:46,250 | ERROR | ModbusConnect | Modbus connect error: Connection failed
2026-09-04 20:56:48,749 | ERROR | ModbusConnect | Modbus connect error: Connection failed
2026-09-04 20:56:51,251 | ERROR | ModbusConnect | Modbus connect error: Connection failed
2026-09-04 20:56:53,751 | ERROR | ModbusConnect | Modbus connect error: Connection failed
2026-09-04 20:56:56,252 | ERROR | ModbusConnect | Modbus connect error: Connection failed
2026-09-04 20:56:58,751 | ERROR | ModbusConnect | Modbus connect error: Connection failed
2026-09-04 20:57:01,253 | ERROR | ModbusConnect | Modbus connect error: Connection failed
2026-09-04 20:57:03,752 | ERROR | ModbusConnect | Modbus connect error: Connection failed
2026-09-04 20:57:06,254 | ERROR | ModbusConnect | Modbus connect error: Connection failed
2026-09-04 20:57:08,754 | ERROR | ModbusConnect | Modbus connect error: Connection failed
2026-09-04 20:57:11,255 | ERROR | ModbusConnect | Modbus connect error: Connection failed
2026-09-04 20:57:13,755 | ERROR | ModbusConnect | Modbus connect error: Connection failed
2026-09-04 20:57:16,256 | ERROR | ModbusConnect | Modbus connect error: Connection failed
2026-09-04 20:57:18,755 | ERROR | ModbusConnect | Modbus connect error: Connection failed
2026-09-04 20:57:21,257 | ERROR | ModbusConnect | Modbus connect error: Connection failed
2026-09-04 20:57:23,756 | ERROR | ModbusConnect | Modbus connect error: Connection failed
2026-09-04 20:57:26,258 | ERROR | ModbusConnect | Modbus connect error: Connection failed
2026-09-04 20:57:28,757 | ERROR | ModbusConnect | Modbus connect error: Connection failed
2026-09-04 20:57:31,259 | ERROR | ModbusConnect | Modbus connect error: Connection failed
2026-09-04 20:57:33,758 | ERROR | ModbusConnect | Modbus connect error: Connection failed
2026-09-04 20:57:36,260 | ERROR | ModbusConnect | Modbus connect error: Connection failed
2026-09-04 20:57:38,759 | ERROR | ModbusConnect | Modbus connect error: Connection failed
2026-09-04 20:57:41,262 | ERROR | ModbusConnect | Modbus connect error: Connection failed
2026-09-04 20:57:43,760 | ERROR | ModbusConnect | Modbus connect error: Connection failed
2026-09-04 20:57:46,263 | ERROR | ModbusConnect | Modbus connect error: Connection failed
2026-09-04 20:57:48,760 | ERROR | ModbusConnect | Modbus connect error: Connection failed
2026-09-04 20:57:51,264 | ERROR | ModbusConnect | Modbus connect error: Connection failed
2026-09-04 20:57:53,761 | ERROR | ModbusConnect | Modbus connect error: Connection failed
2026-09-04 20:57:56,265 | ERROR | ModbusConnect | Modbus connect error: Connection failed
2026-09-04 20:57:58,762 | ERROR | ModbusConnect | Modbus connect error: Connection failed
2026-09-04 20:58:01,266 | ERROR | ModbusConnect | Modbus connect error: Connection failed
2026-09-04 20:58:03,762 | ERROR | ModbusConnect | Modbus connect error: Connection failed
2026-09-04 20:58:06,267 | ERROR | ModbusConnect | Modbus connect error: Connection failed
2026-09-04 20:58:08,763 | ERROR | ModbusConnect | Modbus connect error: Connection failed
2026-09-04 20:58:11,268 | ERROR | ModbusConnect | Modbus connect error: Connection failed
2026-09-04 20:58:13,764 | ERROR | ModbusConnect | Modbus connect error: Connection failed
2026-09-04 20:58:16,268 | ERROR | ModbusConnect | Modbus connect error: Connection failed
2026-09-04 20:58:18,765 | ERROR | ModbusConnect | Modbus connect error: Connection failed
2026-09-04 20:58:21,269 | ERROR | ModbusConnect | Modbus connect error: Connection failed
2026-09-04 20:58:23,766 | ERROR | ModbusConnect | Modbus connect error: Connection failed
2026-09-04 20:58:26,270 | ERROR | ModbusConnect | Modbus connect error: Connection failed
2026-09-04 20:58:28,767 | ERROR | ModbusConnect | Modbus connect error: Connection failed
2026-09-04 20:58:31,272 | ERROR | ModbusConnect | Modbus connect error: Connection failed
2026-09-04 20:58:33,768 | ERROR | ModbusConnect | Modbus connect error: Connection failed
2026-09-04 20:58:36,273 | ERROR | ModbusConnect | Modbus connect error: Connection failed
2026-09-04 20:58:38,768 | ERROR | ModbusConnect | Modbus connect error: Connection failed
2026-09-04 20:58:41,274 | ERROR | ModbusConnect | Modbus connect error: Connection failed
2026-09-04 20:58:43,769 | ERROR | ModbusConnect | Modbus connect error: Connection failed
2026-09-04 20:58:46,275 | ERROR | ModbusConnect | Modbus connect error: Connection failed
2026-09-04 20:58:48,770 | ERROR | ModbusConnect | Modbus connect error: Connection failed
2026-09-04 20:58:51,275 | ERROR | ModbusConnect | Modbus connect error: Connection failed
2026-09-04 20:58:53,771 | ERROR | ModbusConnect | Modbus connect error: Connection failed
2026-09-04 20:58:56,276 | ERROR | ModbusConnect | Modbus connect error: Connection failed
2026-09-04 20:58:58,771 | ERROR | ModbusConnect | Modbus connect error: Connection failed
2026-09-04 20:59:01,277 | ERROR | ModbusConnect | Modbus connect error: Connection failed
2026-09-04 20:59:03,772 | ERROR | ModbusConnect | Modbus connect error: Connection failed
2026-09-04 20:59:06,278 | ERROR | ModbusConnect | Modbus connect error: Connection failed
2026-09-04 20:59:08,773 | ERROR | ModbusConnect | Modbus connect error: Connection failed
2026-09-04 20:59:11,279 | ERROR | ModbusConnect | Modbus connect error: Connection failed
2026-09-04 20:59:13,774 | ERROR | ModbusConnect | Modbus connect error: Connection failed
2026-09-04 20:59:16,280 | ERROR | ModbusConnect | Modbus connect error: Connection failed
2026-09-04 20:59:18,775 | ERROR | ModbusConnect | Modbus connect error: Connection failed
2026-09-04 20:59:21,281 | ERROR | ModbusConnect | Modbus connect error: Connection failed
2026-09-04 20:59:23,776 | ERROR | ModbusConnect | Modbus connect error: Connection failed
2026-09-04 20:59:28,776 | ERROR | ModbusConnect | Modbus connect error: Connection failed
2026-09-04 20:59:33,777 | ERROR | ModbusConnect | Modbus connect error: Connection failed
2026-09-04 21:07:01,755 | INFO | MainThread | Starting Edge Node
2026-09-04 21:07:01,756 | INFO | MainThread | Connecting MQTT...
2026-09-04 21:07:01,758 | ERROR | ModbusConnect | Modbus connect error: Connection failed
2026-09-04 21:07:02,116 | INFO | MainThread | MQTT connected
2026-09-04 21:07:02,123 | INFO | ConfigWatcher | Reloading config...
2026-09-04 21:07:06,758 | ERROR | ModbusConnect | Modbus connect error: Connection failed
2026-09-04 21:07:11,759 | ERROR | ModbusConnect | Modbus connect error: Connection failed
2026-09-04 21:07:16,761 | ERROR | ModbusConnect | Modbus connect error: Connection failed
2026-09-04 21:07:21,762 | ERROR | ModbusConnect | Modbus connect error: Connection failed
2026-09-04 21:07:26,763 | ERROR | ModbusConnect | Modbus connect error: Connection failed
2026-09-04 21:07:31,764 | ERROR | ModbusConnect | Modbus connect error: Connection failed
2026-09-04 21:07:36,765 | ERROR | ModbusConnect | Modbus connect error: Connection failed
2026-09-04 21:07:41,767 | ERROR | ModbusConnect | Modbus connect error: Connection failed
2026-09-04 21:07:46,768 | ERROR | ModbusConnect | Modbus connect error: Connection failed
2026-09-04 21:07:51,769 | ERROR | ModbusConnect | Modbus connect error: Connection failed
2026-09-04 21:07:56,770 | ERROR | ModbusConnect | Modbus connect error: Connection failed
2026-09-04 21:08:01,772 | ERROR | ModbusConnect | Modbus connect error: Connection failed
2026-09-04 21:08:06,773 | ERROR | ModbusConnect | Modbus connect error: Connection failed
2026-09-04 21:08:11,774 | ERROR | ModbusConnect | Modbus connect error: Connection failed
2026-09-04 21:08:16,775 | ERROR | ModbusConnect | Modbus connect error: Connection failed
2026-09-04 21:08:21,776 | ERROR | ModbusConnect | Modbus connect error: Connection failed
2026-09-04 21:08:26,777 | ERROR | ModbusConnect | Modbus connect error: Connection failed
2026-09-04 21:08:31,778 | ERROR | ModbusConnect | Modbus connect error: Connection failed
2026-09-04 21:08:36,779 | ERROR | ModbusConnect | Modbus connect error: Connection failed
2026-09-04 21:08:41,780 | ERROR | ModbusConnect | Modbus connect error: Connection failed
2026-09-04 21:08:46,781 | ERROR | ModbusConnect | Modbus connect error: Connection failed
2026-09-04 21:08:51,782 | ERROR | ModbusConnect | Modbus connect error: Connection failed
2026-09-04 21:08:56,783 | ERROR | ModbusConnect | Modbus connect error: Connection failed
2026-09-04 21:09:01,784 | ERROR | ModbusConnect | Modbus connect error: Connection failed
2026-09-04 21:09:06,785 | ERROR | ModbusConnect | Modbus connect error: Connection failed
2026-09-04 21:09:11,785 | ERROR | ModbusConnect | Modbus connect error: Connection failed
2026-09-04 21:09:16,786 | ERROR | ModbusConnect | Modbus connect error: Connection failed
2026-09-04 21:09:21,787 | ERROR | ModbusConnect | Modbus connect error: Connection failed
2026-09-04 21:09:26,788 | ERROR | ModbusConnect | Modbus connect error: Connection failed
2026-09-04 21:09:31,789 | ERROR | ModbusConnect | Modbus connect error: Connection failed
2026-09-04 21:09:36,790 | ERROR | ModbusConnect | Modbus connect error: Connection failed
2026-09-04 21:09:41,791 | ERROR | ModbusConnect | Modbus connect error: Connection failed
2026-09-04 21:09:46,792 | ERROR | ModbusConnect | Modbus connect error: Connection failed
2026-09-04 21:09:51,793 | ERROR | ModbusConnect | Modbus connect error: Connection failed
2026-09-04 21:09:56,794 | ERROR | ModbusConnect | Modbus connect error: Connection failed
2026-09-04 21:10:01,795 | ERROR | ModbusConnect | Modbus connect error: Connection failed
2026-09-04 21:10:06,797 | ERROR | ModbusConnect | Modbus connect error: Connection failed
2026-09-04 21:10:11,798 | ERROR | ModbusConnect | Modbus connect error: Connection failed
2026-09-04 21:10:16,799 | ERROR | ModbusConnect | Modbus connect error: Connection failed
2026-09-04 21:10:21,800 | ERROR | ModbusConnect | Modbus connect error: Connection failed
2026-09-04 21:10:26,801 | ERROR | ModbusConnect | Modbus connect error: Connection failed
2026-09-04 21:10:31,803 | ERROR | ModbusConnect | Modbus connect error: Connection failed
2026-09-04 21:10:36,804 | ERROR | ModbusConnect | Modbus connect error: Connection failed
2026-09-04 21:10:41,805 | ERROR | ModbusConnect | Modbus connect error: Connection failed
2026-09-04 21:10:46,806 | ERROR | ModbusConnect | Modbus connect error: Connection failed
2026-09-04 21:10:51,807 | ERROR | ModbusConnect | Modbus connect error: Connection failed
2026-09-04 21:10:56,808 | ERROR | ModbusConnect | Modbus connect error: Connection failed
2026-09-04 21:11:01,809 | ERROR | ModbusConnect | Modbus connect error: Connection failed
2026-09-04 21:11:06,810 | ERROR | ModbusConnect | Modbus connect error: Connection failed
2026-09-04 21:11:11,812 | ERROR | ModbusConnect | Modbus connect error: Connection failed
2026-09-04 21:11:16,813 | ERROR | ModbusConnect | Modbus connect error: Connection failed
2026-09-04 21:11:21,814 | ERROR | ModbusConnect | Modbus connect error: Connection failed
2026-09-04 21:11:26,815 | ERROR | ModbusConnect | Modbus connect error: Connection failed
2026-09-04 21:11:31,816 | ERROR | ModbusConnect | Modbus connect error: Connection failed
2026-09-04 21:11:36,817 | ERROR | ModbusConnect | Modbus connect error: Connection failed
2026-09-04 21:11:41,819 | ERROR | ModbusConnect | Modbus connect error: Connection failed
2026-09-04 21:11:46,820 | ERROR | ModbusConnect | Modbus connect error: Connection failed
2026-09-04 21:11:51,821 | ERROR | ModbusConnect | Modbus connect error: Connection failed
2026-09-04 21:11:56,822 | ERROR | ModbusConnect | Modbus connect error: Connection failed
2026-09-04 21:12:01,823 | ERROR | ModbusConnect | Modbus connect error: Connection failed
2026-09-04 21:12:06,824 | ERROR | ModbusConnect | Modbus connect error: Connection failed
2026-09-04 21:12:11,825 | ERROR | ModbusConnect | Modbus connect error: Connection failed
2026-09-04 21:12:16,826 | ERROR | ModbusConnect | Modbus connect error: Connection failed
2026-09-04 21:12:21,827 | ERROR | ModbusConnect | Modbus connect error: Connection failed
2026-09-04 21:12:26,828 | ERROR | ModbusConnect | Modbus connect error: Connection failed
2026-09-04 21:12:31,829 | ERROR | ModbusConnect | Modbus connect error: Connection failed
2026-09-04 21:12:36,830 | ERROR | ModbusConnect | Modbus connect error: Connection failed
2026-09-04 21:12:41,831 | ERROR | ModbusConnect | Modbus connect error: Connection failed
2026-09-04 21:12:46,832 | ERROR | ModbusConnect | Modbus connect error: Connection failed
2026-09-04 21:12:51,834 | ERROR | ModbusConnect | Modbus connect error: Connection failed
2026-09-04 21:12:56,835 | ERROR | ModbusConnect | Modbus connect error: Connection failed
2026-09-04 21:13:01,836 | ERROR | ModbusConnect | Modbus connect error: Connection failed
2026-09-04 21:13:06,837 | ERROR | ModbusConnect | Modbus connect error: Connection failed
2026-09-04 21:13:11,838 | ERROR | ModbusConnect | Modbus connect error: Connection failed
2026-09-04 21:13:16,839 | ERROR | ModbusConnect | Modbus connect error: Connection failed
2026-09-04 21:13:21,840 | ERROR | ModbusConnect | Modbus connect error: Connection failed
2026-09-04 21:13:26,841 | ERROR | ModbusConnect | Modbus connect error: Connection failed
2026-09-04 21:13:31,842 | ERROR | ModbusConnect | Modbus connect error: Connection failed
2026-09-04 21:13:36,843 | ERROR | ModbusConnect | Modbus connect error: Connection failed
2026-09-04 21:13:41,844 | ERROR | ModbusConnect | Modbus connect error: Connection failed
2026-09-04 21:13:46,844 | ERROR | ModbusConnect | Modbus connect error: Connection failed
2026-09-04 21:13:51,845 | ERROR | ModbusConnect | Modbus connect error: Connection failed
2026-09-04 21:13:56,846 | ERROR | ModbusConnect | Modbus connect error: Connection failed
2026-09-04 21:14:01,847 | ERROR | ModbusConnect | Modbus connect error: Connection failed
2026-09-04 21:14:06,848 | ERROR | ModbusConnect | Modbus connect error: Connection failed
2026-09-04 21:14:11,849 | ERROR | ModbusConnect | Modbus connect error: Connection failed
2026-09-04 21:14:16,850 | ERROR | ModbusConnect | Modbus connect error: Connection failed
2026-09-04 21:14:21,851 | ERROR | ModbusConnect | Modbus connect error: Connection failed
2026-09-04 21:14:26,853 | ERROR | ModbusConnect | Modbus connect error: Connection failed
2026-09-04 21:14:31,854 | ERROR | ModbusConnect | Modbus connect error: Connection failed
2026-09-04 21:14:36,855 | ERROR | ModbusConnect | Modbus connect error: Connection failed
2026-09-04 21:14:41,856 | ERROR | ModbusConnect | Modbus connect error: Connection failed
2026-09-04 21:14:46,857 | ERROR | ModbusConnect | Modbus connect error: Connection failed
2026-09-04 21:14:51,858 | ERROR | ModbusConnect | Modbus connect error: Connection failed
2026-09-04 21:14:56,859 | ERROR | ModbusConnect | Modbus connect error: Connection failed
2026-09-04 21:15:01,860 | ERROR | ModbusConnect | Modbus connect error: Connection failed
2026-09-04 21:15:06,861 | ERROR | ModbusConnect | Modbus connect error: Connection failed
2026-09-04 21:15:11,862 | ERROR | ModbusConnect | Modbus connect error: Connection failed
2026-09-04 21:15:16,862 | ERROR | ModbusConnect | Modbus connect error: Connection failed
2026-09-04 21:15:21,863 | ERROR | ModbusConnect | Modbus connect error: Connection failed
2026-09-04 21:15:26,864 | ERROR | ModbusConnect | Modbus connect error: Connection failed
2026-09-04 21:15:31,864 | ERROR | ModbusConnect | Modbus connect error: Connection failed
2026-09-04 21:15:36,865 | ERROR | ModbusConnect | Modbus connect error: Connection failed
2026-09-04 21:15:41,866 | ERROR | ModbusConnect | Modbus connect error: Connection failed
2026-09-04 21:15:46,867 | ERROR | ModbusConnect | Modbus connect error: Connection failed
2026-09-04 21:15:51,868 | ERROR | ModbusConnect | Modbus connect error: Connection failed
2026-09-04 21:15:56,868 | ERROR | ModbusConnect | Modbus connect error: Connection failed
2026-09-04 21:16:01,869 | ERROR | ModbusConnect | Modbus connect error: Connection failed
2026-09-04 21:16:06,870 | ERROR | ModbusConnect | Modbus connect error: Connection failed
2026-09-04 21:16:11,871 | ERROR | ModbusConnect | Modbus connect error: Connection failed
2026-09-04 21:16:16,872 | ERROR | ModbusConnect | Modbus connect error: Connection failed
2026-09-04 21:16:21,872 | ERROR | ModbusConnect | Modbus connect error: Connection failed
2026-09-04 21:16:26,873 | ERROR | ModbusConnect | Modbus connect error: Connection failed
2026-09-04 21:16:31,874 | ERROR | ModbusConnect | Modbus connect error: Connection failed
2026-09-04 21:16:36,874 | ERROR | ModbusConnect | Modbus connect error: Connection failed
2026-09-04 21:16:41,875 | ERROR | ModbusConnect | Modbus connect error: Connection failed
2026-09-04 21:16:46,875 | ERROR | ModbusConnect | Modbus connect error: Connection failed
2026-09-04 21:16:51,876 | ERROR | ModbusConnect | Modbus connect error: Connection failed
2026-09-04 21:16:56,877 | ERROR | ModbusConnect | Modbus connect error: Connection failed
2026-09-04 21:17:01,878 | ERROR | ModbusConnect | Modbus connect error: Connection failed
2026-09-04 21:17:06,879 | ERROR | ModbusConnect | Modbus connect error: Connection failed
2026-09-04 21:17:11,880 | ERROR | ModbusConnect | Modbus connect error: Connection failed
2026-09-04 21:17:16,881 | ERROR | ModbusConnect | Modbus connect error: Connection failed
2026-09-04 21:17:21,882 | ERROR | ModbusConnect | Modbus connect error: Connection failed
2026-09-04 21:17:26,883 | ERROR | ModbusConnect | Modbus connect error: Connection failed
2026-09-04 21:17:31,884 | ERROR | ModbusConnect | Modbus connect error: Connection failed
2026-09-04 21:17:36,885 | ERROR | ModbusConnect | Modbus connect error: Connection failed
2026-09-10 20:21:20,211 | INFO | MainThread | Starting Edge Node
2026-09-10 20:21:20,211 | ERROR | MainThread | Modbus connect error: Connection failed
2026-09-10 20:21:25,212 | ERROR | MainThread | Modbus connect error: Connection failed
2026-09-10 20:21:30,214 | ERROR | MainThread | Modbus connect error: Connection failed
2026-09-10 20:27:06,092 | INFO | MainThread | Starting Edge Node
2026-09-10 20:27:06,092 | INFO | MainThread | Modbus connected
2026-09-10 20:27:06,093 | INFO | MainThread | Connecting MQTT...
2026-09-10 20:27:06,364 | INFO | MainThread | MQTT connected
2026-09-10 20:27:06,368 | INFO | ConfigWatcher | Reloading config...
2026-09-10 20:27:41,371 | INFO | ConfigWatcher | Reloading config...
2026-09-10 20:31:20,152 | INFO | MainThread | Stopping Edge Node
2026-09-10 20:32:11,364 | INFO | MainThread | Starting Edge Node
2026-09-10 20:32:11,365 | INFO | MainThread | Modbus connected
2026-09-10 20:32:11,365 | INFO | MainThread | Connecting MQTT...
2026-09-10 20:32:11,614 | INFO | MainThread | MQTT connected
2026-09-10 20:32:11,618 | INFO | ConfigWatcher | Reloading config...
2026-09-10 20:33:36,624 | INFO | ConfigWatcher | Reloading config...
2026-09-10 20:33:36,625 | INFO | ConfigWatcher | Modbus config changed, reconnecting...
2026-09-10 20:33:36,626 | ERROR | ConfigWatcher | Modbus connect error: Connection failed
2026-09-10 20:33:44,013 | INFO | MainThread | Starting Edge Node
2026-09-10 20:33:44,013 | ERROR | MainThread | Modbus connect error: Connection failed
2026-09-10 20:33:49,014 | ERROR | MainThread | Modbus connect error: Connection failed
2026-09-10 20:49:28,534 | INFO | MainThread | Starting Edge Node
2026-09-10 20:49:28,535 | ERROR | ModbusConnect | Modbus connect error: Connection failed
2026-09-10 20:49:28,535 | INFO | MainThread | Connecting MQTT...
2026-09-10 20:49:29,125 | INFO | MainThread | MQTT connected
2026-09-10 20:49:29,129 | INFO | ConfigWatcher | Reloading config...
2026-09-10 20:49:33,536 | ERROR | ModbusConnect | Modbus connect error: Connection failed
2026-09-10 20:49:38,537 | ERROR | ModbusConnect | Modbus connect error: Connection failed
2026-09-10 20:49:42,049 | INFO | MainThread | Stopping Edge Node
